SQL> create table ssitems( id number(10), quantity number(10), actualprice number(10));
Table created.
SQL> insert into ssitems values(100,5,5000);
1 row created.
SQL> insert into ssitems values(101,6,9000);
1 row created.
SQL> insert into ssitems values(102,4,4000);
1 row created.
SQL> insert into ssitems values(103,2,2000);
1 row created.
SQL> select * from ssitems;
 ID QUANTITY ACTUALPRICE
--------- --------- -----------
 100 5 5000
 101 6 9000
 102 4 4000
 103 2 2000
 //predefine Exception
 SQL> set serveroutput on;
SQL> declare
 2 price ssitems.actualprice % type;
 3 begin
 4 select actualprice into price from ssitems where quantity=10;
 5 exception
 6 when no_data_found then
 7 dbms_output.put_line ('ssitems missing');
 8 end;
 9 /
ssitems missing
PL/SQL procedure successfully completed
SQL> select * from ssitems;
 ID QUANTITY ACTUALPRICE
--------- --------- -----------
 100 5 5000
 101 6 9000
 102 4 4000
 103 2 2000
 //user define Exception
 SQL> set serveroutput on;
SQL> declare
 2 zero_price exception;
 3 price number(8,2);
 4 begin
 5 select actualprice into price from ssitems where id=103;
 6 if price=0 or price is null then
 7 raise zero_price;
 8 end if;
 9 exception
10 when zero_price then
11 dbms_output.put_line('Failed zero price');
12 end;
13 /
PL/SQL procedure successfully completed.
SQL> select * from ssitems;
 ID QUANTITY ACTUALPRICE
--------- --------- -----------
 100 5 5000
 101 6 9000
 102 4 4000
 103 2 2000
 
